run=bfs-cpu-10mm-html1 commit=c8345047 host=comp008.int.ada.nottingham.ac.uk start=2026-08-16T12:34:15Z
[ Info: Extracting configuration and input fields...
[ Info: Pre-allocating fields...
[ Info: Defining models...
[ Info: Initialising preconditioners...
[ Info: Pre-allocating solvers...
[ Info: Initialising turbulence model...
[ Info: Allocating working memory...
[ Info: Starting SIMPLE loops...
Progress:   0%|                           |  ETA: 1:55:04 ( 1.38  s/it)[K
   iter: 2[K
     Ux: 6.476784658861805e-5[K
     Uy: 0.00011157947700314894[K
     Uz: 0.0[K
      p: 2.216561518219098e-5[K[A[A[A[A[A




[K[A[K[A[K[A[K[A[K[AProgress: 100%|███████████████████████████| Time: 0:00:05 ( 8.24 ms/it)[K
[ Info: Simulation converged in 623 iterations!
Loading mesh...
Reading nodes (dataset 2411), from line 19
Reading elements (dataset 2412), from line 3864
Reading boundary information (dataset 2467), from line 8457
Boundary name: inlet
Boundary name: outlet
Boundary name: wall
Boundary name: top
File read successfully
Generating mesh...
Building connectivity...
Done! Execution time: 0.762344
Mesh ready!
 11.581544 seconds (25.41 M allocations: 2.004 GiB, 2.75% gc time, 90.18% compilation time)
2026-08-16 13:34:40.100 (   1.319s) [    1527F4851300]vtkXOpenGLRenderWindow.:1460  WARN| bad X server connection. DISPLAY=
wrote /gpfs01/home/egyaa20/xcalibre-runs/bfs-cpu-10mm-html1-20260816-133412/summary/p_xy.png
decimated 3600 -> 900 triangles (reduction=0.75)
wrote /gpfs01/home/egyaa20/xcalibre-runs/bfs-cpu-10mm-html1-20260816-133412/summary/p_scene.html
exit=0
